../Core/Src/i2c-lcd.c:9:6:lcd_send_cmd	32	static
../Core/Src/i2c-lcd.c:22:6:lcd_send_data	32	static
../Core/Src/i2c-lcd.c:35:6:lcd_clear	16	static
../Core/Src/i2c-lcd.c:44:6:lcd_put_cur	16	static
../Core/Src/i2c-lcd.c:60:6:lcd_init	8	static
../Core/Src/i2c-lcd.c:86:6:lcd_send_string	16	static
../Core/Src/i2c-lcd.c:92:6:cursor_deplacement_right	16	static
../Core/Src/i2c-lcd.c:113:6:cursor_deplacement_left	16	static
../Core/Src/i2c-lcd.c:126:6:remove_cursor_element	16	static
../Core/Src/i2c-lcd.c:140:6:clear_row	24	static
